IQ-TREE multicore version 2.3.5 for MacOS ARM 64-bit built Jul 10 2024
Developed by Bui Quang Minh, Nguyen Lam Tung, Olga Chernomor, Heiko Schmidt,
Dominik Schrempf, Michael Woodhams, Ly Trong Nhan, Thomas Wong

Host:    steptoe-10-222-28-48.resnet.wsu.edu (SSE4.2, 32 GB RAM)
Command: iqtree2 -ntmax 4 -s /Users/ricardorivero/Documents/DENV/2024/D2/all_colombia/MSBD/assigned_D2_filtered.aligned-delim.fasta -m GTR -ninit 2 -n 2 -me 0.05 -nt AUTO -redo
Seed:    841189 (Using SPRNG - Scalable Parallel Random Number Generator)
Time:    Tue Sep  3 12:08:48 2024
Kernel:  SSE2 - auto-detect threads (10 CPU cores detected)

Reading alignment file /Users/ricardorivero/Documents/DENV/2024/D2/all_colombia/MSBD/assigned_D2_filtered.aligned-delim.fasta ... Fasta format detected
Reading fasta file: done in 0.0167551 secs using 90.19% CPU
Alignment most likely contains DNA/RNA sequences
Alignment has 175 sequences with 10723 columns, 3481 distinct patterns
1711 parsimony-informative, 570 singleton sites, 8442 constant sites
                  Gap/Ambiguity  Composition  p-value
Analyzing sequences: done in 0.00023818 secs using 510.1% CPU
   1  EPI_ISL_18566935    0.79%    passed     99.08%
   2  EPI_ISL_19216382   27.50%    passed     37.84%
   3  EPI_ISL_19216385   16.70%    passed     99.66%
   4  EPI_ISL_19216441    3.97%    passed     95.96%
   5  EPI_ISL_18720080   34.86%    passed     64.22%
   6  EPI_ISL_18720106   19.61%    passed     97.16%
   7  EPI_ISL_12665303    0.48%    passed     96.57%
   8  EPI_ISL_12665304    0.48%    passed     96.85%
   9  EPI_ISL_12665305    0.48%    passed     96.85%
  10  EPI_ISL_19257593   12.94%    passed     92.05%
  11  EPI_ISL_19257594   23.35%    passed     63.32%
  12  EPI_ISL_19257600    7.75%    passed     98.95%
  13  EPI_ISL_19257603   13.42%    passed     86.87%
  14  EPI_ISL_19257629    5.88%    passed     97.90%
  15  EPI_ISL_19257622    5.45%    passed     98.88%
  16  EPI_ISL_19257617   25.72%    passed     47.12%
  17  EPI_ISL_17977444    2.10%    passed     98.95%
  18  EPI_ISL_19257624   11.09%    passed     89.94%
  19  EPI_ISL_19216387   43.11%    passed     93.48%
  20  EPI_ISL_17783315    0.84%    passed     98.77%
  21  EPI_ISL_18081096    1.98%    passed     99.89%
  22  EPI_ISL_17783335   35.76%    passed     85.33%
  23  EPI_ISL_17783306   14.69%    passed     93.21%
  24  EPI_ISL_17783318    0.01%    passed     98.75%
  25  EPI_ISL_17783308    1.41%    passed     96.31%
  26  EPI_ISL_17783310    7.29%    passed     98.01%
  27  EPI_ISL_17783309    7.49%    passed     99.00%
  28  EPI_ISL_17783307    2.39%    passed     94.36%
  29  EPI_ISL_17783313   10.87%    passed     84.32%
  30  EPI_ISL_19257613    3.80%    passed     92.58%
  31  EPI_ISL_18720101   13.25%    passed     89.85%
  32  EPI_ISL_19216414    0.78%    passed     97.87%
  33  EPI_ISL_19216422    0.77%    passed     99.76%
  34  EPI_ISL_18720109   34.99%    passed     90.69%
  35  EPI_ISL_19257597    7.92%    passed     98.59%
  36  EPI_ISL_19257608   20.76%    passed     98.05%
  37  EPI_ISL_19257599    1.22%    passed     98.73%
  38  EPI_ISL_19257619   34.62%    passed     76.56%
  39  EPI_ISL_19257615   11.91%    passed     93.97%
  40  EPI_ISL_19257616    1.16%    passed     99.40%
  41  EPI_ISL_19257618    1.18%    passed     99.79%
  42  EPI_ISL_19257602    6.72%    passed     92.27%
  43  EPI_ISL_19257611   18.15%    passed     96.15%
  44  EPI_ISL_19257628    1.23%    passed     98.65%
  45  EPI_ISL_19216386    8.78%    passed     98.85%
  46  EPI_ISL_18720100    6.24%    passed     98.85%
  47  EPI_ISL_18720082    6.25%    passed     99.11%
  48  EPI_ISL_18720086    0.76%    passed     97.37%
  49  EPI_ISL_18720104   42.30%    passed     26.67%
  50  EPI_ISL_18720113    7.52%    passed     99.50%
  51  EPI_ISL_18720107   11.56%    passed     78.86%
  52  EPI_ISL_19216417    3.37%    passed     92.25%
  53  EPI_ISL_19216384   11.85%    passed     97.21%
  54  EPI_ISL_18720112   44.52%    passed     53.37%
  55  EPI_ISL_17600403    1.65%    passed     99.29%
  56  EPI_ISL_18720103   28.08%    passed     80.89%
  57  EPI_ISL_19216443    5.88%    passed     92.54%
  58  EPI_ISL_19257614    9.61%    passed     84.05%
  59  EPI_ISL_19257625    6.99%    passed     97.25%
  60  EPI_ISL_19216431    0.79%    passed     92.76%
  61  EPI_ISL_19216437   10.77%    passed     91.68%
  62  EPI_ISL_19216383    8.66%    passed     98.48%
  63  EPI_ISL_17783304    1.59%    passed     92.20%
  64  EPI_ISL_17783311    8.89%    passed     98.80%
  65  EPI_ISL_17783326    1.34%    passed     95.91%
  66  EPI_ISL_17783305    5.95%    passed     97.01%
  67  EPI_ISL_17783322    0.00%    passed     98.27%
  68  EPI_ISL_17783317    1.50%    passed     97.91%
  69  EPI_ISL_17783314    0.23%    passed     98.96%
  70  EPI_ISL_17783330    0.50%    passed     91.02%
  71  EPI_ISL_17783331    0.01%    passed     88.28%
  72  EPI_ISL_17783327    0.12%    passed     96.99%
  73  EPI_ISL_17783328    4.74%    passed     99.97%
  74  EPI_ISL_17783323   20.46%    passed     95.12%
  75  EPI_ISL_17783316    4.68%    passed     91.01%
  76  EPI_ISL_17783312    2.70%    passed     90.86%
  77  EPI_ISL_17783336   14.37%    passed     83.62%
  78  EPI_ISL_17783319    8.44%    passed     99.98%
  79  EPI_ISL_17783320    0.91%    passed     98.54%
  80  EPI_ISL_17783321    7.46%    passed     98.31%
  81  EPI_ISL_18474700    5.06%    passed     94.86%
  82  EPI_ISL_18474691    5.06%    passed     94.86%
  83  EPI_ISL_18474729    5.07%    passed     95.64%
  84  EPI_ISL_18474701    5.06%    passed     94.20%
  85  EPI_ISL_18474705    5.05%    passed     94.46%
  86  EPI_ISL_18474721    5.05%    passed     94.16%
  87  EPI_ISL_18474727    5.05%    passed     94.16%
  88  EPI_ISL_18474697    5.05%    passed     94.16%
  89  EPI_ISL_18474723    5.05%    passed     92.71%
  90  EPI_ISL_18474707    5.05%    passed     93.46%
  91  EPI_ISL_18474689    5.06%    passed     94.68%
  92  EPI_ISL_18474698    5.05%    passed     93.79%
  93  EPI_ISL_18474711    0.73%    passed     95.82%
  94  EPI_ISL_18474725    0.72%    passed     95.99%
  95  EPI_ISL_18474693    0.62%    passed     95.00%
  96  EPI_ISL_18474702    0.01%    passed     97.06%
  97  EPI_ISL_18474694    0.02%    passed     97.56%
  98  EPI_ISL_18474712    0.03%    passed     97.29%
  99  EPI_ISL_18474714    0.02%    passed     96.83%
 100  EPI_ISL_18474719    0.01%    passed     95.26%
 101  EPI_ISL_18474715    0.76%    passed     95.64%
 102  EPI_ISL_18474690    0.24%    passed     98.35%
 103  EPI_ISL_18474703    5.05%    passed     96.73%
 104  EPI_ISL_18474716    5.08%    passed     96.14%
 105  EPI_ISL_18474724    5.05%    passed     95.71%
 106  EPI_ISL_18474726    5.07%    passed     95.87%
 107  EPI_ISL_18474722    5.08%    passed     96.43%
 108  EPI_ISL_18474717    5.05%    passed     95.71%
 109  EPI_ISL_18474704    5.06%    passed     96.49%
 110  EPI_ISL_18474695    5.07%    passed     96.38%
 111  EPI_ISL_18474728    5.05%    passed     94.15%
 112  EPI_ISL_18474692    1.42%    passed     93.47%
 113  EPI_ISL_18474706    5.07%    passed     92.84%
 114  EPI_ISL_18474718    5.06%    passed     95.34%
 115  EPI_ISL_18474713    1.87%    passed     97.10%
 116  EPI_ISL_18474709    0.54%    passed     98.30%
 117  EPI_ISL_18566936   26.16%    passed     89.98%
 118  EPI_ISL_18566937   37.64%    passed     53.31%
 119  EPI_ISL_19216419   24.83%    passed     95.07%
 120  EPI_ISL_19216421   22.91%    passed     94.01%
 121  EPI_ISL_19216433   24.84%    passed     96.47%
 122  EPI_ISL_19216423   24.86%    passed     96.03%
 123  EPI_ISL_19216430   22.61%    passed     91.37%
 124  EPI_ISL_19216426   27.47%    passed     97.48%
 125  EPI_ISL_19216425   20.67%    passed     79.50%
 126  EPI_ISL_19216434   24.84%    passed     96.14%
 127  EPI_ISL_19216424   24.86%    passed     96.26%
 128  EPI_ISL_19216420   22.06%    passed     93.37%
 129  EPI_ISL_19216381   45.52%    passed     82.94%
 130  EPI_ISL_19216429   38.27%    passed     83.00%
 131  EPI_ISL_19216388   49.41%    passed     67.06%
 132  EPI_ISL_19216428   32.98%    passed     93.42%
 133  EPI_ISL_19216427   27.77%    passed     98.18%
 134  EPI_ISL_19216416   35.34%    passed     82.83%
 135  EPI_ISL_19216440   29.86%    passed     90.14%
 136  EPI_ISL_19216447   29.88%    passed     89.24%
 137  EPI_ISL_19216415   35.35%    passed     81.55%
 138  EPI_ISL_19216435   25.11%    passed     94.74%
 139  EPI_ISL_19216439   30.11%    passed     99.23%
 140  EPI_ISL_19216442   30.10%    passed     97.30%
 141  EPI_ISL_19216446   32.47%    passed     88.45%
 142  EPI_ISL_19216436   29.89%    passed     88.28%
 143  EPI_ISL_19216418   27.47%    passed     95.81%
 144  EPI_ISL_19216444   49.51%    passed     64.40%
 145  EPI_ISL_18566938   24.98%    passed     96.41%
 146  EPI_ISL_18720084   40.68%    passed     68.89%
 147  EPI_ISL_19257592   16.11%    passed     75.31%
 148  EPI_ISL_19257598   13.24%    passed     71.55%
 149  EPI_ISL_19257605    1.24%    passed     94.80%
 150  EPI_ISL_19257610    2.97%    passed     94.98%
 151  EPI_ISL_19257623   32.83%    passed     82.18%
 152  EPI_ISL_19257607    2.41%    passed     95.39%
 153  EPI_ISL_19257612    1.27%    passed     97.13%
 154  EPI_ISL_19257601    2.73%    passed     93.32%
 155  EPI_ISL_19257627   23.72%    passed     57.37%
 156  EPI_ISL_19257604    1.65%    passed     97.98%
 157  EPI_ISL_19257621   19.27%    passed     67.73%
 158  EPI_ISL_19257606    7.37%    passed     97.97%
 159  EPI_ISL_19257596   26.49%    passed     30.55%
 160  EPI_ISL_18474708    5.05%    passed     98.37%
 161  EPI_ISL_18474710    5.06%    passed     97.61%
 162  EPI_ISL_18474720    5.05%    passed     97.72%
 163  EPI_ISL_18474688    5.05%    passed     98.01%
 164  EPI_ISL_18474696    5.06%    passed     97.05%
 165  EPI_ISL_18474699    5.05%    passed     97.20%
 166  EPI_ISL_19257609    1.23%    passed     96.49%
 167  EPI_ISL_19257620   23.19%    passed     56.66%
 168  EPI_ISL_18917100    7.96%    passed     94.99%
 169  EPI_ISL_18363168    7.96%    passed     94.99%
 170  EPI_ISL_18917099    7.81%    passed     92.37%
 171  EPI_ISL_18363167    7.81%    passed     92.37%
 172  EPI_ISL_19257595   22.89%    passed     67.90%
 173  EPI_ISL_19216432   27.83%    passed     89.41%
 174  EPI_ISL_19216445   35.48%    passed     80.95%
 175  EPI_ISL_19216438   23.89%    passed     97.55%
****  TOTAL              12.49%  0 sequences failed composition chi2 test (p-value<5%; df=3)
NOTE: EPI_ISL_12665305 is identical to EPI_ISL_12665304 but kept for subsequent analysis
NOTE: EPI_ISL_18474727 is identical to EPI_ISL_18474721 but kept for subsequent analysis
NOTE: EPI_ISL_18363168 is identical to EPI_ISL_18917100 but kept for subsequent analysis
NOTE: EPI_ISL_18363167 is identical to EPI_ISL_18917099 but kept for subsequent analysis
NOTE: 1 identical sequences (see below) will be ignored for subsequent analysis
NOTE: EPI_ISL_18474697 (identical to EPI_ISL_18474721) is ignored but added at the end
Alignment was printed to /Users/ricardorivero/Documents/DENV/2024/D2/all_colombia/MSBD/assigned_D2_filtered.aligned-delim.fasta.uniqueseq.phy

For your convenience alignment with unique sequences printed to /Users/ricardorivero/Documents/DENV/2024/D2/all_colombia/MSBD/assigned_D2_filtered.aligned-delim.fasta.uniqueseq.phy

Create initial parsimony tree by phylogenetic likelihood library (PLL)... 0.018 seconds

NOTE: 19 MB RAM (0 GB) is required!
Measuring multi-threading efficiency up to 4 CPU cores
Increase to 10 rounds for branch lengths
20 trees examined
Threads: 1 / Time: 4.182 sec / Speedup: 1.000 / Efficiency: 100% / LogL: -300652
Threads: 2 / Time: 3.755 sec / Speedup: 1.114 / Efficiency: 56% / LogL: -300652
Threads: 3 / Time: 3.670 sec / Speedup: 1.139 / Efficiency: 38% / LogL: -300652
BEST NUMBER OF THREADS: 2

Estimate model parameters (epsilon = 0.500)
1. Initial log-likelihood: -41052.809
2. Current log-likelihood: -38824.759
3. Current log-likelihood: -38575.268
4. Current log-likelihood: -38223.213
Optimal log-likelihood: -38223.110
Rate parameters:  A-C: 1.35066  A-G: 12.16500  A-T: 1.52831  C-G: 0.86513  C-T: 33.42211  G-T: 1.00000
Base frequencies:  A: 0.333  C: 0.205  G: 0.252  T: 0.210
Parameters optimization took 4 rounds (0.760 sec)
Wrote distance file to... 
Computing ML distances based on estimated model parameters...
Calculating distance matrix: done in 0.0570168 secs using 198.8% CPU
Computing ML distances took 0.057993 sec (of wall-clock time) 0.114987 sec (of CPU time)
Setting up auxiliary I and S matrices: done in 0.000273943 secs using 157.3% CPU
Computing RapidNJ tree took 0.004956 sec (of wall-clock time) 0.006477 sec (of CPU time)
Log-likelihood of RapidNJ tree: -38911.360
--------------------------------------------------------------------
|             INITIALIZING CANDIDATE TREE SET                      |
--------------------------------------------------------------------

Do NNI search on 2 best initial trees
Estimate model parameters (epsilon = 0.500)
BETTER TREE FOUND at iteration 1: -38209.246
Estimate model parameters (epsilon = 0.500)
BETTER TREE FOUND at iteration 2: -38207.934
Finish initializing candidate tree set (4)
Current best tree score: -38207.934 / CPU time: 1.233
Number of iterations: 2
TREE SEARCH COMPLETED AFTER 2 ITERATIONS / Time: 0h:0m:13s

--------------------------------------------------------------------
|                    FINALIZING TREE SEARCH                        |
--------------------------------------------------------------------
Performs final model parameters optimization
Estimate model parameters (epsilon = 0.050)
1. Initial log-likelihood: -38207.934
Optimal log-likelihood: -38207.933
Rate parameters:  A-C: 1.35239  A-G: 12.17810  A-T: 1.52936  C-G: 0.86464  C-T: 33.41722  G-T: 1.00000
Base frequencies:  A: 0.333  C: 0.205  G: 0.252  T: 0.210
Parameters optimization took 1 rounds (0.061 sec)
BEST SCORE FOUND : -38207.933
Total tree length: 0.368

Total number of iterations: 2
CPU time used for tree search: 1.636 sec (0h:0m:1s)
Wall-clock time used for tree search: 1.233 sec (0h:0m:1s)
Total CPU time used: 18.155 sec (0h:0m:18s)
Total wall-clock time used: 13.870 sec (0h:0m:13s)

Analysis results written to: 
  IQ-TREE report:                /Users/ricardorivero/Documents/DENV/2024/D2/all_colombia/MSBD/assigned_D2_filtered.aligned-delim.fasta.iqtree
  Maximum-likelihood tree:       /Users/ricardorivero/Documents/DENV/2024/D2/all_colombia/MSBD/assigned_D2_filtered.aligned-delim.fasta.treefile
  Likelihood distances:          /Users/ricardorivero/Documents/DENV/2024/D2/all_colombia/MSBD/assigned_D2_filtered.aligned-delim.fasta.mldist
  Screen log file:               /Users/ricardorivero/Documents/DENV/2024/D2/all_colombia/MSBD/assigned_D2_filtered.aligned-delim.fasta.log

Date and Time: Tue Sep  3 12:09:02 2024
