IQ-TREE multicore version 2.3.5 for MacOS ARM 64-bit built Jul 10 2024
Developed by Bui Quang Minh, Nguyen Lam Tung, Olga Chernomor, Heiko Schmidt,
Dominik Schrempf, Michael Woodhams, Ly Trong Nhan, Thomas Wong

Host:    steptoe-10-222-28-48.resnet.wsu.edu (SSE4.2, 32 GB RAM)
Command: iqtree2 -ntmax 4 -s /Users/ricardorivero/Documents/DENV/2024/D2/all_colombia/MSBD/assigned_D2_filtered_gisaid.aligned-delim.fasta -m GTR -ninit 2 -n 2 -me 0.05 -nt AUTO -redo
Seed:    805900 (Using SPRNG - Scalable Parallel Random Number Generator)
Time:    Tue Sep  3 12:06:01 2024
Kernel:  SSE2 - auto-detect threads (10 CPU cores detected)

Reading alignment file /Users/ricardorivero/Documents/DENV/2024/D2/all_colombia/MSBD/assigned_D2_filtered_gisaid.aligned-delim.fasta ... Fasta format detected
Reading fasta file: done in 0.0220621 secs using 91.19% CPU
Alignment most likely contains DNA/RNA sequences
Alignment has 175 sequences with 10723 columns, 3481 distinct patterns
1711 parsimony-informative, 570 singleton sites, 8442 constant sites
                                                                                                                                 Gap/Ambiguity  Composition  p-value
Analyzing sequences: done in 0.000359058 secs using 372.9% CPU
   1  EPI_ISL_12665303_DELIM-HMMIKPAICJYGMUPSFKKS_Colombia_DELIM-HMMIKPAICJYGMUPSFKKS_2III_D.2_DELIM-HMMIKPAICJYGMUPSFKKS_2021-05-10     0.79%    passed     99.08%
   2  EPI_ISL_12665304_DELIM-HMMIKPAICJYGMUPSFKKS_Colombia_DELIM-HMMIKPAICJYGMUPSFKKS_2III_D.2_DELIM-HMMIKPAICJYGMUPSFKKS_2021-04-09    27.50%    passed     37.84%
   3  EPI_ISL_12665305_DELIM-HMMIKPAICJYGMUPSFKKS_Colombia_DELIM-HMMIKPAICJYGMUPSFKKS_2III_D.2_DELIM-HMMIKPAICJYGMUPSFKKS_2021-04-09    16.70%    passed     99.66%
   4  EPI_ISL_17600403_DELIM-HMMIKPAICJYGMUPSFKKS_Colombia_DELIM-HMMIKPAICJYGMUPSFKKS_2III_D.2_DELIM-HMMIKPAICJYGMUPSFKKS_2021-11-20     3.97%    passed     95.96%
   5  EPI_ISL_17783304_DELIM-HMMIKPAICJYGMUPSFKKS_Colombia_DELIM-HMMIKPAICJYGMUPSFKKS_2III_D_DELIM-HMMIKPAICJYGMUPSFKKS_2016-05-15      34.86%    passed     64.22%
   6  EPI_ISL_17783305_DELIM-HMMIKPAICJYGMUPSFKKS_Colombia_DELIM-HMMIKPAICJYGMUPSFKKS_2III_D_DELIM-HMMIKPAICJYGMUPSFKKS_2016-05-29      19.61%    passed     97.16%
   7  EPI_ISL_17783306_DELIM-HMMIKPAICJYGMUPSFKKS_Colombia_DELIM-HMMIKPAICJYGMUPSFKKS_2III_D.2_DELIM-HMMIKPAICJYGMUPSFKKS_2016-08-16     0.48%    passed     96.57%
   8  EPI_ISL_17783307_DELIM-HMMIKPAICJYGMUPSFKKS_Colombia_DELIM-HMMIKPAICJYGMUPSFKKS_2III_D.2_DELIM-HMMIKPAICJYGMUPSFKKS_2016-07-14     0.48%    passed     96.85%
   9  EPI_ISL_17783308_DELIM-HMMIKPAICJYGMUPSFKKS_Colombia_DELIM-HMMIKPAICJYGMUPSFKKS_2III_D.2_DELIM-HMMIKPAICJYGMUPSFKKS_2016-07-22     0.48%    passed     96.85%
  10  EPI_ISL_17783309_DELIM-HMMIKPAICJYGMUPSFKKS_Colombia_DELIM-HMMIKPAICJYGMUPSFKKS_2III_D.2_DELIM-HMMIKPAICJYGMUPSFKKS_2016-07-22    12.94%    passed     92.05%
  11  EPI_ISL_17783310_DELIM-HMMIKPAICJYGMUPSFKKS_Colombia_DELIM-HMMIKPAICJYGMUPSFKKS_2III_D.2_DELIM-HMMIKPAICJYGMUPSFKKS_2016-07-22    23.35%    passed     63.32%
  12  EPI_ISL_17783311_DELIM-HMMIKPAICJYGMUPSFKKS_Colombia_DELIM-HMMIKPAICJYGMUPSFKKS_2III_D_DELIM-HMMIKPAICJYGMUPSFKKS_2016-08-18       7.75%    passed     98.95%
  13  EPI_ISL_17783312_DELIM-HMMIKPAICJYGMUPSFKKS_Colombia_DELIM-HMMIKPAICJYGMUPSFKKS_2III_D_DELIM-HMMIKPAICJYGMUPSFKKS_2016-08-23      13.42%    passed     86.87%
  14  EPI_ISL_17783313_DELIM-HMMIKPAICJYGMUPSFKKS_Colombia_DELIM-HMMIKPAICJYGMUPSFKKS_2III_D.2_DELIM-HMMIKPAICJYGMUPSFKKS_2016-08-18     5.88%    passed     97.90%
  15  EPI_ISL_17783314_DELIM-HMMIKPAICJYGMUPSFKKS_Colombia_DELIM-HMMIKPAICJYGMUPSFKKS_2III_D_DELIM-HMMIKPAICJYGMUPSFKKS_2016-01-28       5.45%    passed     98.88%
  16  EPI_ISL_17783315_DELIM-HMMIKPAICJYGMUPSFKKS_Colombia_DELIM-HMMIKPAICJYGMUPSFKKS_2III_D.2_DELIM-HMMIKPAICJYGMUPSFKKS_2016-01-04    25.72%    passed     47.12%
  17  EPI_ISL_17783316_DELIM-HMMIKPAICJYGMUPSFKKS_Colombia_DELIM-HMMIKPAICJYGMUPSFKKS_2III_D_DELIM-HMMIKPAICJYGMUPSFKKS_2016-01-16       2.10%    passed     98.95%
  18  EPI_ISL_17783317_DELIM-HMMIKPAICJYGMUPSFKKS_Colombia_DELIM-HMMIKPAICJYGMUPSFKKS_2III_D_DELIM-HMMIKPAICJYGMUPSFKKS_2013-08-06      11.09%    passed     89.94%
  19  EPI_ISL_17783318_DELIM-HMMIKPAICJYGMUPSFKKS_Colombia_DELIM-HMMIKPAICJYGMUPSFKKS_2III_D.2_DELIM-HMMIKPAICJYGMUPSFKKS_2013-02-23    43.11%    passed     93.48%
  20  EPI_ISL_17783319_DELIM-HMMIKPAICJYGMUPSFKKS_Colombia_DELIM-HMMIKPAICJYGMUPSFKKS_2III_D_DELIM-HMMIKPAICJYGMUPSFKKS_2013-03-24       0.84%    passed     98.77%
  21  EPI_ISL_17783320_DELIM-HMMIKPAICJYGMUPSFKKS_Colombia_DELIM-HMMIKPAICJYGMUPSFKKS_2III_D.3_DELIM-HMMIKPAICJYGMUPSFKKS_2013-04-20     1.98%    passed     99.89%
  22  EPI_ISL_17783321_DELIM-HMMIKPAICJYGMUPSFKKS_Colombia_DELIM-HMMIKPAICJYGMUPSFKKS_2III_D.3_DELIM-HMMIKPAICJYGMUPSFKKS_2013-07-09    35.76%    passed     85.33%
  23  EPI_ISL_17783322_DELIM-HMMIKPAICJYGMUPSFKKS_Colombia_DELIM-HMMIKPAICJYGMUPSFKKS_2III_D_DELIM-HMMIKPAICJYGMUPSFKKS_2015-11-01      14.69%    passed     93.21%
  24  EPI_ISL_17783323_DELIM-HMMIKPAICJYGMUPSFKKS_Colombia_DELIM-HMMIKPAICJYGMUPSFKKS_2III_D_DELIM-HMMIKPAICJYGMUPSFKKS_2013-10-26       0.01%    passed     98.75%
  25  EPI_ISL_17783326_DELIM-HMMIKPAICJYGMUPSFKKS_Colombia_DELIM-HMMIKPAICJYGMUPSFKKS_2III_D_DELIM-HMMIKPAICJYGMUPSFKKS_2014-01-14       1.41%    passed     96.31%
  26  EPI_ISL_17783327_DELIM-HMMIKPAICJYGMUPSFKKS_Colombia_DELIM-HMMIKPAICJYGMUPSFKKS_2III_D_DELIM-HMMIKPAICJYGMUPSFKKS_2014-09-18       7.29%    passed     98.01%
  27  EPI_ISL_17783328_DELIM-HMMIKPAICJYGMUPSFKKS_Colombia_DELIM-HMMIKPAICJYGMUPSFKKS_2III_D_DELIM-HMMIKPAICJYGMUPSFKKS_2015-08-20       7.49%    passed     99.00%
  28  EPI_ISL_17783330_DELIM-HMMIKPAICJYGMUPSFKKS_Colombia_DELIM-HMMIKPAICJYGMUPSFKKS_2III_D_DELIM-HMMIKPAICJYGMUPSFKKS_2015-08-25       2.39%    passed     94.36%
  29  EPI_ISL_17783331_DELIM-HMMIKPAICJYGMUPSFKKS_Colombia_DELIM-HMMIKPAICJYGMUPSFKKS_2III_D_DELIM-HMMIKPAICJYGMUPSFKKS_2015-09-05      10.87%    passed     84.32%
  30  EPI_ISL_17783335_DELIM-HMMIKPAICJYGMUPSFKKS_Colombia_DELIM-HMMIKPAICJYGMUPSFKKS_2III_D.2_DELIM-HMMIKPAICJYGMUPSFKKS_2015-08-27     3.80%    passed     92.58%
  31  EPI_ISL_17783336_DELIM-HMMIKPAICJYGMUPSFKKS_Colombia_DELIM-HMMIKPAICJYGMUPSFKKS_2III_D_DELIM-HMMIKPAICJYGMUPSFKKS_2013-08-07      13.25%    passed     89.85%
  32  EPI_ISL_17977444_DELIM-HMMIKPAICJYGMUPSFKKS_Colombia_DELIM-HMMIKPAICJYGMUPSFKKS_2III_D.2_DELIM-HMMIKPAICJYGMUPSFKKS_2021-11-11     0.78%    passed     97.87%
  33  EPI_ISL_18081096_DELIM-HMMIKPAICJYGMUPSFKKS_Colombia_DELIM-HMMIKPAICJYGMUPSFKKS_2III_D.2_DELIM-HMMIKPAICJYGMUPSFKKS_2006-01-01     0.77%    passed     99.76%
  34  EPI_ISL_18363167_DELIM-HMMIKPAICJYGMUPSFKKS_Colombia_DELIM-HMMIKPAICJYGMUPSFKKS_2II_F.1.2_DELIM-HMMIKPAICJYGMUPSFKKS_2023-05-01   34.99%    passed     90.69%
  35  EPI_ISL_18363168_DELIM-HMMIKPAICJYGMUPSFKKS_Colombia_DELIM-HMMIKPAICJYGMUPSFKKS_2II_F.1.2_DELIM-HMMIKPAICJYGMUPSFKKS_2023-05-03    7.92%    passed     98.59%
  36  EPI_ISL_18474688_DELIM-HMMIKPAICJYGMUPSFKKS_Colombia_DELIM-HMMIKPAICJYGMUPSFKKS_2II_F.1.2_DELIM-HMMIKPAICJYGMUPSFKKS_2023-02-07   20.76%    passed     98.05%
  37  EPI_ISL_18474689_DELIM-HMMIKPAICJYGMUPSFKKS_Colombia_DELIM-HMMIKPAICJYGMUPSFKKS_2II_F.1.2_DELIM-HMMIKPAICJYGMUPSFKKS_2022-11-30    1.22%    passed     98.73%
  38  EPI_ISL_18474690_DELIM-HMMIKPAICJYGMUPSFKKS_Colombia_DELIM-HMMIKPAICJYGMUPSFKKS_2II_F.1.2_DELIM-HMMIKPAICJYGMUPSFKKS_2022-10-28   34.62%    passed     76.56%
  39  EPI_ISL_18474691_DELIM-HMMIKPAICJYGMUPSFKKS_Colombia_DELIM-HMMIKPAICJYGMUPSFKKS_2II_F.1.2_DELIM-HMMIKPAICJYGMUPSFKKS_2023-02-01   11.91%    passed     93.97%
  40  EPI_ISL_18474692_DELIM-HMMIKPAICJYGMUPSFKKS_Colombia_DELIM-HMMIKPAICJYGMUPSFKKS_2II_F.1.2_DELIM-HMMIKPAICJYGMUPSFKKS_2023-02-02    1.16%    passed     99.40%
  41  EPI_ISL_18474693_DELIM-HMMIKPAICJYGMUPSFKKS_Colombia_DELIM-HMMIKPAICJYGMUPSFKKS_2II_F.1.2_DELIM-HMMIKPAICJYGMUPSFKKS_2022-10-15    1.18%    passed     99.79%
  42  EPI_ISL_18474694_DELIM-HMMIKPAICJYGMUPSFKKS_Colombia_DELIM-HMMIKPAICJYGMUPSFKKS_2II_F.1.2_DELIM-HMMIKPAICJYGMUPSFKKS_2022-10-19    6.72%    passed     92.27%
  43  EPI_ISL_18474695_DELIM-HMMIKPAICJYGMUPSFKKS_Colombia_DELIM-HMMIKPAICJYGMUPSFKKS_2II_F.1.2_DELIM-HMMIKPAICJYGMUPSFKKS_2022-11-30   18.15%    passed     96.15%
  44  EPI_ISL_18474696_DELIM-HMMIKPAICJYGMUPSFKKS_Colombia_DELIM-HMMIKPAICJYGMUPSFKKS_2II_F.1.2_DELIM-HMMIKPAICJYGMUPSFKKS_2022-12-15    1.23%    passed     98.65%
  45  EPI_ISL_18474697_DELIM-HMMIKPAICJYGMUPSFKKS_Colombia_DELIM-HMMIKPAICJYGMUPSFKKS_2II_F.1.2_DELIM-HMMIKPAICJYGMUPSFKKS_2022-11-25    8.78%    passed     98.85%
  46  EPI_ISL_18474698_DELIM-HMMIKPAICJYGMUPSFKKS_Colombia_DELIM-HMMIKPAICJYGMUPSFKKS_2II_F.1.2_DELIM-HMMIKPAICJYGMUPSFKKS_2023-02-01    6.24%    passed     98.85%
  47  EPI_ISL_18474699_DELIM-HMMIKPAICJYGMUPSFKKS_Colombia_DELIM-HMMIKPAICJYGMUPSFKKS_2II_F.1.2_DELIM-HMMIKPAICJYGMUPSFKKS_2023-02-10    6.25%    passed     99.11%
  48  EPI_ISL_18474700_DELIM-HMMIKPAICJYGMUPSFKKS_Colombia_DELIM-HMMIKPAICJYGMUPSFKKS_2II_F.1.2_DELIM-HMMIKPAICJYGMUPSFKKS_2023-02-08    0.76%    passed     97.37%
  49  EPI_ISL_18474701_DELIM-HMMIKPAICJYGMUPSFKKS_Colombia_DELIM-HMMIKPAICJYGMUPSFKKS_2II_F.1.2_DELIM-HMMIKPAICJYGMUPSFKKS_2022-11-30   42.30%    passed     26.67%
  50  EPI_ISL_18474702_DELIM-HMMIKPAICJYGMUPSFKKS_Colombia_DELIM-HMMIKPAICJYGMUPSFKKS_2II_F.1.2_DELIM-HMMIKPAICJYGMUPSFKKS_2022-11-04    7.52%    passed     99.50%
  51  EPI_ISL_18474703_DELIM-HMMIKPAICJYGMUPSFKKS_Colombia_DELIM-HMMIKPAICJYGMUPSFKKS_2II_F.1.2_DELIM-HMMIKPAICJYGMUPSFKKS_2023-02-08   11.56%    passed     78.86%
  52  EPI_ISL_18474704_DELIM-HMMIKPAICJYGMUPSFKKS_Colombia_DELIM-HMMIKPAICJYGMUPSFKKS_2II_F.1.2_DELIM-HMMIKPAICJYGMUPSFKKS_2022-11-30    3.37%    passed     92.25%
  53  EPI_ISL_18474705_DELIM-HMMIKPAICJYGMUPSFKKS_Colombia_DELIM-HMMIKPAICJYGMUPSFKKS_2II_F.1.2_DELIM-HMMIKPAICJYGMUPSFKKS_2022-11-26   11.85%    passed     97.21%
  54  EPI_ISL_18474706_DELIM-HMMIKPAICJYGMUPSFKKS_Colombia_DELIM-HMMIKPAICJYGMUPSFKKS_2II_F.1.2_DELIM-HMMIKPAICJYGMUPSFKKS_2022-11-10   44.52%    passed     53.37%
  55  EPI_ISL_18474707_DELIM-HMMIKPAICJYGMUPSFKKS_Colombia_DELIM-HMMIKPAICJYGMUPSFKKS_2II_F.1.2_DELIM-HMMIKPAICJYGMUPSFKKS_2022-12-13    1.65%    passed     99.29%
  56  EPI_ISL_18474708_DELIM-HMMIKPAICJYGMUPSFKKS_Colombia_DELIM-HMMIKPAICJYGMUPSFKKS_2II_F.1.2_DELIM-HMMIKPAICJYGMUPSFKKS_2023-02-09   28.08%    passed     80.89%
  57  EPI_ISL_18474709_DELIM-HMMIKPAICJYGMUPSFKKS_Colombia_DELIM-HMMIKPAICJYGMUPSFKKS_2II_F.1.2_DELIM-HMMIKPAICJYGMUPSFKKS_2022-05-18    5.88%    passed     92.54%
  58  EPI_ISL_18474710_DELIM-HMMIKPAICJYGMUPSFKKS_Colombia_DELIM-HMMIKPAICJYGMUPSFKKS_2II_F.1.2_DELIM-HMMIKPAICJYGMUPSFKKS_2023-02-03    9.61%    passed     84.05%
  59  EPI_ISL_18474711_DELIM-HMMIKPAICJYGMUPSFKKS_Colombia_DELIM-HMMIKPAICJYGMUPSFKKS_2II_F.1.2_DELIM-HMMIKPAICJYGMUPSFKKS_2022-11-04    6.99%    passed     97.25%
  60  EPI_ISL_18474712_DELIM-HMMIKPAICJYGMUPSFKKS_Colombia_DELIM-HMMIKPAICJYGMUPSFKKS_2II_F.1.2_DELIM-HMMIKPAICJYGMUPSFKKS_2022-10-27    0.79%    passed     92.76%
  61  EPI_ISL_18474713_DELIM-HMMIKPAICJYGMUPSFKKS_Colombia_DELIM-HMMIKPAICJYGMUPSFKKS_2II_F.1.2_DELIM-HMMIKPAICJYGMUPSFKKS_2022-10-13   10.77%    passed     91.68%
  62  EPI_ISL_18474714_DELIM-HMMIKPAICJYGMUPSFKKS_Colombia_DELIM-HMMIKPAICJYGMUPSFKKS_2II_F.1.2_DELIM-HMMIKPAICJYGMUPSFKKS_2022-10-28    8.66%    passed     98.48%
  63  EPI_ISL_18474715_DELIM-HMMIKPAICJYGMUPSFKKS_Colombia_DELIM-HMMIKPAICJYGMUPSFKKS_2II_F.1.2_DELIM-HMMIKPAICJYGMUPSFKKS_2022-10-28    1.59%    passed     92.20%
  64  EPI_ISL_18474716_DELIM-HMMIKPAICJYGMUPSFKKS_Colombia_DELIM-HMMIKPAICJYGMUPSFKKS_2II_F.1.2_DELIM-HMMIKPAICJYGMUPSFKKS_2022-11-23    8.89%    passed     98.80%
  65  EPI_ISL_18474717_DELIM-HMMIKPAICJYGMUPSFKKS_Colombia_DELIM-HMMIKPAICJYGMUPSFKKS_2II_F.1.2_DELIM-HMMIKPAICJYGMUPSFKKS_2023-01-06    1.34%    passed     95.91%
  66  EPI_ISL_18474718_DELIM-HMMIKPAICJYGMUPSFKKS_Colombia_DELIM-HMMIKPAICJYGMUPSFKKS_2II_F.1.2_DELIM-HMMIKPAICJYGMUPSFKKS_2023-02-08    5.95%    passed     97.01%
  67  EPI_ISL_18474719_DELIM-HMMIKPAICJYGMUPSFKKS_Colombia_DELIM-HMMIKPAICJYGMUPSFKKS_2II_F.1.2_DELIM-HMMIKPAICJYGMUPSFKKS_2022-12-09    0.00%    passed     98.27%
  68  EPI_ISL_18474720_DELIM-HMMIKPAICJYGMUPSFKKS_Colombia_DELIM-HMMIKPAICJYGMUPSFKKS_2II_F.1.2_DELIM-HMMIKPAICJYGMUPSFKKS_2022-12-17    1.50%    passed     97.91%
  69  EPI_ISL_18474721_DELIM-HMMIKPAICJYGMUPSFKKS_Colombia_DELIM-HMMIKPAICJYGMUPSFKKS_2II_F.1.2_DELIM-HMMIKPAICJYGMUPSFKKS_2022-11-22    0.23%    passed     98.96%
  70  EPI_ISL_18474722_DELIM-HMMIKPAICJYGMUPSFKKS_Colombia_DELIM-HMMIKPAICJYGMUPSFKKS_2II_F.1.2_DELIM-HMMIKPAICJYGMUPSFKKS_2022-11-09    0.50%    passed     91.02%
  71  EPI_ISL_18474723_DELIM-HMMIKPAICJYGMUPSFKKS_Colombia_DELIM-HMMIKPAICJYGMUPSFKKS_2II_F.1.2_DELIM-HMMIKPAICJYGMUPSFKKS_2022-11-17    0.01%    passed     88.28%
  72  EPI_ISL_18474724_DELIM-HMMIKPAICJYGMUPSFKKS_Colombia_DELIM-HMMIKPAICJYGMUPSFKKS_2II_F.1.2_DELIM-HMMIKPAICJYGMUPSFKKS_2022-11-21    0.12%    passed     96.99%
  73  EPI_ISL_18474725_DELIM-HMMIKPAICJYGMUPSFKKS_Colombia_DELIM-HMMIKPAICJYGMUPSFKKS_2II_F.1.2_DELIM-HMMIKPAICJYGMUPSFKKS_2022-10-11    4.74%    passed     99.97%
  74  EPI_ISL_18474726_DELIM-HMMIKPAICJYGMUPSFKKS_Colombia_DELIM-HMMIKPAICJYGMUPSFKKS_2II_F.1.2_DELIM-HMMIKPAICJYGMUPSFKKS_2022-11-25   20.46%    passed     95.12%
  75  EPI_ISL_18474727_DELIM-HMMIKPAICJYGMUPSFKKS_Colombia_DELIM-HMMIKPAICJYGMUPSFKKS_2II_F.1.2_DELIM-HMMIKPAICJYGMUPSFKKS_2022-11-21    4.68%    passed     91.01%
  76  EPI_ISL_18474728_DELIM-HMMIKPAICJYGMUPSFKKS_Colombia_DELIM-HMMIKPAICJYGMUPSFKKS_2II_F.1.2_DELIM-HMMIKPAICJYGMUPSFKKS_2022-12-09    2.70%    passed     90.86%
  77  EPI_ISL_18474729_DELIM-HMMIKPAICJYGMUPSFKKS_Colombia_DELIM-HMMIKPAICJYGMUPSFKKS_2II_F.1.2_DELIM-HMMIKPAICJYGMUPSFKKS_2023-02-09   14.37%    passed     83.62%
  78  EPI_ISL_18566935_DELIM-HMMIKPAICJYGMUPSFKKS_Colombia_DELIM-HMMIKPAICJYGMUPSFKKS_2III_D.2_DELIM-HMMIKPAICJYGMUPSFKKS_2023-08-18     8.44%    passed     99.98%
  79  EPI_ISL_18566936_DELIM-HMMIKPAICJYGMUPSFKKS_Colombia_DELIM-HMMIKPAICJYGMUPSFKKS_2II_F.1.2_DELIM-HMMIKPAICJYGMUPSFKKS_2023-08-27    0.91%    passed     98.54%
  80  EPI_ISL_18566937_DELIM-HMMIKPAICJYGMUPSFKKS_Colombia_DELIM-HMMIKPAICJYGMUPSFKKS_2II_F.1.2_DELIM-HMMIKPAICJYGMUPSFKKS_2023-08-14    7.46%    passed     98.31%
  81  EPI_ISL_18566938_DELIM-HMMIKPAICJYGMUPSFKKS_Colombia_DELIM-HMMIKPAICJYGMUPSFKKS_2II_F.1.2_DELIM-HMMIKPAICJYGMUPSFKKS_2023-08-13    5.06%    passed     94.86%
  82  EPI_ISL_18720080_DELIM-HMMIKPAICJYGMUPSFKKS_Colombia_DELIM-HMMIKPAICJYGMUPSFKKS_2III_D.2_DELIM-HMMIKPAICJYGMUPSFKKS_2023-08-27     5.06%    passed     94.86%
  83  EPI_ISL_18720082_DELIM-HMMIKPAICJYGMUPSFKKS_Colombia_DELIM-HMMIKPAICJYGMUPSFKKS_2III_D.2_DELIM-HMMIKPAICJYGMUPSFKKS_2023-10-03     5.07%    passed     95.64%
  84  EPI_ISL_18720084_DELIM-HMMIKPAICJYGMUPSFKKS_Colombia_DELIM-HMMIKPAICJYGMUPSFKKS_2II_F.1.2_DELIM-HMMIKPAICJYGMUPSFKKS_2023-08-06    5.06%    passed     94.20%
  85  EPI_ISL_18720086_DELIM-HMMIKPAICJYGMUPSFKKS_Colombia_DELIM-HMMIKPAICJYGMUPSFKKS_2III_D.2_DELIM-HMMIKPAICJYGMUPSFKKS_2023-10-18     5.05%    passed     94.46%
  86  EPI_ISL_18720100_DELIM-HMMIKPAICJYGMUPSFKKS_Colombia_DELIM-HMMIKPAICJYGMUPSFKKS_2III_D.2_DELIM-HMMIKPAICJYGMUPSFKKS_2023-04-14     5.05%    passed     94.16%
  87  EPI_ISL_18720101_DELIM-HMMIKPAICJYGMUPSFKKS_Colombia_DELIM-HMMIKPAICJYGMUPSFKKS_2III_D.2_DELIM-HMMIKPAICJYGMUPSFKKS_2023-08-03     5.05%    passed     94.16%
  88  EPI_ISL_18720103_DELIM-HMMIKPAICJYGMUPSFKKS_Colombia_DELIM-HMMIKPAICJYGMUPSFKKS_2III_D.2_DELIM-HMMIKPAICJYGMUPSFKKS_2023-08-21     5.05%    passed     94.16%
  89  EPI_ISL_18720104_DELIM-HMMIKPAICJYGMUPSFKKS_Colombia_DELIM-HMMIKPAICJYGMUPSFKKS_2III_D.2_DELIM-HMMIKPAICJYGMUPSFKKS_2023-07-31     5.05%    passed     92.71%
  90  EPI_ISL_18720106_DELIM-HMMIKPAICJYGMUPSFKKS_Colombia_DELIM-HMMIKPAICJYGMUPSFKKS_2III_D.2_DELIM-HMMIKPAICJYGMUPSFKKS_2023-02-05     5.05%    passed     93.46%
  91  EPI_ISL_18720107_DELIM-HMMIKPAICJYGMUPSFKKS_Colombia_DELIM-HMMIKPAICJYGMUPSFKKS_2III_D.2_DELIM-HMMIKPAICJYGMUPSFKKS_2023-08-01     5.06%    passed     94.68%
  92  EPI_ISL_18720109_DELIM-HMMIKPAICJYGMUPSFKKS_Colombia_DELIM-HMMIKPAICJYGMUPSFKKS_2III_D.2_DELIM-HMMIKPAICJYGMUPSFKKS_2023-10-10     5.05%    passed     93.79%
  93  EPI_ISL_18720112_DELIM-HMMIKPAICJYGMUPSFKKS_Colombia_DELIM-HMMIKPAICJYGMUPSFKKS_2III_D.2_DELIM-HMMIKPAICJYGMUPSFKKS_2023-10-27     0.73%    passed     95.82%
  94  EPI_ISL_18720113_DELIM-HMMIKPAICJYGMUPSFKKS_Colombia_DELIM-HMMIKPAICJYGMUPSFKKS_2III_D.2_DELIM-HMMIKPAICJYGMUPSFKKS_2023-10-24     0.72%    passed     95.99%
  95  EPI_ISL_18917099_DELIM-HMMIKPAICJYGMUPSFKKS_Colombia_DELIM-HMMIKPAICJYGMUPSFKKS_2II_F.1.2_DELIM-HMMIKPAICJYGMUPSFKKS_2023-05-01    0.62%    passed     95.00%
  96  EPI_ISL_18917100_DELIM-HMMIKPAICJYGMUPSFKKS_Colombia_DELIM-HMMIKPAICJYGMUPSFKKS_2II_F.1.2_DELIM-HMMIKPAICJYGMUPSFKKS_2023-05-03    0.01%    passed     97.06%
  97  EPI_ISL_19216381_DELIM-HMMIKPAICJYGMUPSFKKS_Colombia_DELIM-HMMIKPAICJYGMUPSFKKS_2II_F.1.2_DELIM-HMMIKPAICJYGMUPSFKKS_2024-01-23    0.02%    passed     97.56%
  98  EPI_ISL_19216382_DELIM-HMMIKPAICJYGMUPSFKKS_Colombia_DELIM-HMMIKPAICJYGMUPSFKKS_2III_D.2_DELIM-HMMIKPAICJYGMUPSFKKS_2024-01-02     0.03%    passed     97.29%
  99  EPI_ISL_19216383_DELIM-HMMIKPAICJYGMUPSFKKS_Colombia_DELIM-HMMIKPAICJYGMUPSFKKS_2III_D.2_DELIM-HMMIKPAICJYGMUPSFKKS_2024-01-29     0.02%    passed     96.83%
 100  EPI_ISL_19216384_DELIM-HMMIKPAICJYGMUPSFKKS_Colombia_DELIM-HMMIKPAICJYGMUPSFKKS_2III_D.2_DELIM-HMMIKPAICJYGMUPSFKKS_2024-02-04     0.01%    passed     95.26%
 101  EPI_ISL_19216385_DELIM-HMMIKPAICJYGMUPSFKKS_Colombia_DELIM-HMMIKPAICJYGMUPSFKKS_2III_D.2_DELIM-HMMIKPAICJYGMUPSFKKS_2024-02-05     0.76%    passed     95.64%
 102  EPI_ISL_19216386_DELIM-HMMIKPAICJYGMUPSFKKS_Colombia_DELIM-HMMIKPAICJYGMUPSFKKS_2III_D.2_DELIM-HMMIKPAICJYGMUPSFKKS_2024-01-31     0.24%    passed     98.35%
 103  EPI_ISL_19216387_DELIM-HMMIKPAICJYGMUPSFKKS_Colombia_DELIM-HMMIKPAICJYGMUPSFKKS_2III_D.2_DELIM-HMMIKPAICJYGMUPSFKKS_2024-01-30     5.05%    passed     96.73%
 104  EPI_ISL_19216388_DELIM-HMMIKPAICJYGMUPSFKKS_Colombia_DELIM-HMMIKPAICJYGMUPSFKKS_2II_F.1.2_DELIM-HMMIKPAICJYGMUPSFKKS_2024-02-22    5.08%    passed     96.14%
 105  EPI_ISL_19216414_DELIM-HMMIKPAICJYGMUPSFKKS_Colombia_DELIM-HMMIKPAICJYGMUPSFKKS_2III_D.2_DELIM-HMMIKPAICJYGMUPSFKKS_2024-03-10     5.05%    passed     95.71%
 106  EPI_ISL_19216415_DELIM-HMMIKPAICJYGMUPSFKKS_Colombia_DELIM-HMMIKPAICJYGMUPSFKKS_2II_F.1.2_DELIM-HMMIKPAICJYGMUPSFKKS_2024-03-09    5.07%    passed     95.87%
 107  EPI_ISL_19216416_DELIM-HMMIKPAICJYGMUPSFKKS_Colombia_DELIM-HMMIKPAICJYGMUPSFKKS_2II_F.1.2_DELIM-HMMIKPAICJYGMUPSFKKS_2024-03-12    5.08%    passed     96.43%
 108  EPI_ISL_19216417_DELIM-HMMIKPAICJYGMUPSFKKS_Colombia_DELIM-HMMIKPAICJYGMUPSFKKS_2III_D.2_DELIM-HMMIKPAICJYGMUPSFKKS_2024-03-07     5.05%    passed     95.71%
 109  EPI_ISL_19216418_DELIM-HMMIKPAICJYGMUPSFKKS_Colombia_DELIM-HMMIKPAICJYGMUPSFKKS_2II_F.1.2_DELIM-HMMIKPAICJYGMUPSFKKS_2024-03-13    5.06%    passed     96.49%
 110  EPI_ISL_19216419_DELIM-HMMIKPAICJYGMUPSFKKS_Colombia_DELIM-HMMIKPAICJYGMUPSFKKS_2II_F.1.2_DELIM-HMMIKPAICJYGMUPSFKKS_2024-03-07    5.07%    passed     96.38%
 111  EPI_ISL_19216420_DELIM-HMMIKPAICJYGMUPSFKKS_Colombia_DELIM-HMMIKPAICJYGMUPSFKKS_2II_F.1.2_DELIM-HMMIKPAICJYGMUPSFKKS_2024-03-07    5.05%    passed     94.15%
 112  EPI_ISL_19216421_DELIM-HMMIKPAICJYGMUPSFKKS_Colombia_DELIM-HMMIKPAICJYGMUPSFKKS_2II_F.1.2_DELIM-HMMIKPAICJYGMUPSFKKS_2024-03-19    1.42%    passed     93.47%
 113  EPI_ISL_19216422_DELIM-HMMIKPAICJYGMUPSFKKS_Colombia_DELIM-HMMIKPAICJYGMUPSFKKS_2III_D.2_DELIM-HMMIKPAICJYGMUPSFKKS_2024-03-13     5.07%    passed     92.84%
 114  EPI_ISL_19216423_DELIM-HMMIKPAICJYGMUPSFKKS_Colombia_DELIM-HMMIKPAICJYGMUPSFKKS_2II_F.1.2_DELIM-HMMIKPAICJYGMUPSFKKS_2024-03-03    5.06%    passed     95.34%
 115  EPI_ISL_19216424_DELIM-HMMIKPAICJYGMUPSFKKS_Colombia_DELIM-HMMIKPAICJYGMUPSFKKS_2II_F.1.2_DELIM-HMMIKPAICJYGMUPSFKKS_2024-03-04    1.87%    passed     97.10%
 116  EPI_ISL_19216425_DELIM-HMMIKPAICJYGMUPSFKKS_Colombia_DELIM-HMMIKPAICJYGMUPSFKKS_2II_F.1.2_DELIM-HMMIKPAICJYGMUPSFKKS_2024-03-25    0.54%    passed     98.30%
 117  EPI_ISL_19216426_DELIM-HMMIKPAICJYGMUPSFKKS_Colombia_DELIM-HMMIKPAICJYGMUPSFKKS_2II_F.1.2_DELIM-HMMIKPAICJYGMUPSFKKS_2024-03-09   26.16%    passed     89.98%
 118  EPI_ISL_19216427_DELIM-HMMIKPAICJYGMUPSFKKS_Colombia_DELIM-HMMIKPAICJYGMUPSFKKS_2II_F.1.2_DELIM-HMMIKPAICJYGMUPSFKKS_2024-03-28   37.64%    passed     53.31%
 119  EPI_ISL_19216428_DELIM-HMMIKPAICJYGMUPSFKKS_Colombia_DELIM-HMMIKPAICJYGMUPSFKKS_2II_F.1.2_DELIM-HMMIKPAICJYGMUPSFKKS_2024-03-24   24.83%    passed     95.07%
 120  EPI_ISL_19216429_DELIM-HMMIKPAICJYGMUPSFKKS_Colombia_DELIM-HMMIKPAICJYGMUPSFKKS_2II_F.1.2_DELIM-HMMIKPAICJYGMUPSFKKS_2024-03-23   22.91%    passed     94.01%
 121  EPI_ISL_19216430_DELIM-HMMIKPAICJYGMUPSFKKS_Colombia_DELIM-HMMIKPAICJYGMUPSFKKS_2II_F.1.2_DELIM-HMMIKPAICJYGMUPSFKKS_2024-03-25   24.84%    passed     96.47%
 122  EPI_ISL_19216431_DELIM-HMMIKPAICJYGMUPSFKKS_Colombia_DELIM-HMMIKPAICJYGMUPSFKKS_2III_D.2_DELIM-HMMIKPAICJYGMUPSFKKS_2024-04-05    24.86%    passed     96.03%
 123  EPI_ISL_19216432_DELIM-HMMIKPAICJYGMUPSFKKS_Colombia_DELIM-HMMIKPAICJYGMUPSFKKS_2II_F.1.2_DELIM-HMMIKPAICJYGMUPSFKKS_2024-03-21   22.61%    passed     91.37%
 124  EPI_ISL_19216433_DELIM-HMMIKPAICJYGMUPSFKKS_Colombia_DELIM-HMMIKPAICJYGMUPSFKKS_2II_F.1.2_DELIM-HMMIKPAICJYGMUPSFKKS_2024-04-01   27.47%    passed     97.48%
 125  EPI_ISL_19216434_DELIM-HMMIKPAICJYGMUPSFKKS_Colombia_DELIM-HMMIKPAICJYGMUPSFKKS_2II_F.1.2_DELIM-HMMIKPAICJYGMUPSFKKS_2024-04-03   20.67%    passed     79.50%
 126  EPI_ISL_19216435_DELIM-HMMIKPAICJYGMUPSFKKS_Colombia_DELIM-HMMIKPAICJYGMUPSFKKS_2II_F.1.2_DELIM-HMMIKPAICJYGMUPSFKKS_2024-03-13   24.84%    passed     96.14%
 127  EPI_ISL_19216436_DELIM-HMMIKPAICJYGMUPSFKKS_Colombia_DELIM-HMMIKPAICJYGMUPSFKKS_2II_F.1.2_DELIM-HMMIKPAICJYGMUPSFKKS_2024-03-16   24.86%    passed     96.26%
 128  EPI_ISL_19216437_DELIM-HMMIKPAICJYGMUPSFKKS_Colombia_DELIM-HMMIKPAICJYGMUPSFKKS_2III_D.2_DELIM-HMMIKPAICJYGMUPSFKKS_2024-04-11    22.06%    passed     93.37%
 129  EPI_ISL_19216438_DELIM-HMMIKPAICJYGMUPSFKKS_Colombia_DELIM-HMMIKPAICJYGMUPSFKKS_2II_F.1.2_DELIM-HMMIKPAICJYGMUPSFKKS_2024-04-11   45.52%    passed     82.94%
 130  EPI_ISL_19216439_DELIM-HMMIKPAICJYGMUPSFKKS_Colombia_DELIM-HMMIKPAICJYGMUPSFKKS_2II_F.1.2_DELIM-HMMIKPAICJYGMUPSFKKS_2024-04-03   38.27%    passed     83.00%
 131  EPI_ISL_19216440_DELIM-HMMIKPAICJYGMUPSFKKS_Colombia_DELIM-HMMIKPAICJYGMUPSFKKS_2II_F.1.2_DELIM-HMMIKPAICJYGMUPSFKKS_2024-04-11   49.41%    passed     67.06%
 132  EPI_ISL_19216441_DELIM-HMMIKPAICJYGMUPSFKKS_Colombia_DELIM-HMMIKPAICJYGMUPSFKKS_2III_D.2_DELIM-HMMIKPAICJYGMUPSFKKS_2024-04-11    32.98%    passed     93.42%
 133  EPI_ISL_19216442_DELIM-HMMIKPAICJYGMUPSFKKS_Colombia_DELIM-HMMIKPAICJYGMUPSFKKS_2II_F.1.2_DELIM-HMMIKPAICJYGMUPSFKKS_2024-04-10   27.77%    passed     98.18%
 134  EPI_ISL_19216443_DELIM-HMMIKPAICJYGMUPSFKKS_Colombia_DELIM-HMMIKPAICJYGMUPSFKKS_2III_D.2_DELIM-HMMIKPAICJYGMUPSFKKS_2024-03-18    35.34%    passed     82.83%
 135  EPI_ISL_19216444_DELIM-HMMIKPAICJYGMUPSFKKS_Colombia_DELIM-HMMIKPAICJYGMUPSFKKS_2II_F.1.2_DELIM-HMMIKPAICJYGMUPSFKKS_2024-04-12   29.86%    passed     90.14%
 136  EPI_ISL_19216445_DELIM-HMMIKPAICJYGMUPSFKKS_Colombia_DELIM-HMMIKPAICJYGMUPSFKKS_2II_F.1.2_DELIM-HMMIKPAICJYGMUPSFKKS_2024-03-25   29.88%    passed     89.24%
 137  EPI_ISL_19216446_DELIM-HMMIKPAICJYGMUPSFKKS_Colombia_DELIM-HMMIKPAICJYGMUPSFKKS_2II_F.1.2_DELIM-HMMIKPAICJYGMUPSFKKS_2024-04-12   35.35%    passed     81.55%
 138  EPI_ISL_19216447_DELIM-HMMIKPAICJYGMUPSFKKS_Colombia_DELIM-HMMIKPAICJYGMUPSFKKS_2II_F.1.2_DELIM-HMMIKPAICJYGMUPSFKKS_2024-04-22   25.11%    passed     94.74%
 139  EPI_ISL_19257592_DELIM-HMMIKPAICJYGMUPSFKKS_Colombia_DELIM-HMMIKPAICJYGMUPSFKKS_2II_F.1.2_DELIM-HMMIKPAICJYGMUPSFKKS_2024-02-24   30.11%    passed     99.23%
 140  EPI_ISL_19257593_DELIM-HMMIKPAICJYGMUPSFKKS_Colombia_DELIM-HMMIKPAICJYGMUPSFKKS_2III_D.2_DELIM-HMMIKPAICJYGMUPSFKKS_2023-07-14    30.10%    passed     97.30%
 141  EPI_ISL_19257594_DELIM-HMMIKPAICJYGMUPSFKKS_Colombia_DELIM-HMMIKPAICJYGMUPSFKKS_2III_D.2_DELIM-HMMIKPAICJYGMUPSFKKS_2024-01-27    32.47%    passed     88.45%
 142  EPI_ISL_19257595_DELIM-HMMIKPAICJYGMUPSFKKS_Colombia_DELIM-HMMIKPAICJYGMUPSFKKS_2II_F.1.2_DELIM-HMMIKPAICJYGMUPSFKKS_2024-02-09   29.89%    passed     88.28%
 143  EPI_ISL_19257596_DELIM-HMMIKPAICJYGMUPSFKKS_Colombia_DELIM-HMMIKPAICJYGMUPSFKKS_2II_F.1.2_DELIM-HMMIKPAICJYGMUPSFKKS_2024-03-06   27.47%    passed     95.81%
 144  EPI_ISL_19257597_DELIM-HMMIKPAICJYGMUPSFKKS_Colombia_DELIM-HMMIKPAICJYGMUPSFKKS_2III_D.2_DELIM-HMMIKPAICJYGMUPSFKKS_2023-08-31    49.51%    passed     64.40%
 145  EPI_ISL_19257598_DELIM-HMMIKPAICJYGMUPSFKKS_Colombia_DELIM-HMMIKPAICJYGMUPSFKKS_2II_F.1.2_DELIM-HMMIKPAICJYGMUPSFKKS_2023-09-08   24.98%    passed     96.41%
 146  EPI_ISL_19257599_DELIM-HMMIKPAICJYGMUPSFKKS_Colombia_DELIM-HMMIKPAICJYGMUPSFKKS_2III_D.2_DELIM-HMMIKPAICJYGMUPSFKKS_2023-10-24    40.68%    passed     68.89%
 147  EPI_ISL_19257600_DELIM-HMMIKPAICJYGMUPSFKKS_Colombia_DELIM-HMMIKPAICJYGMUPSFKKS_2III_D.2_DELIM-HMMIKPAICJYGMUPSFKKS_2023-07-29    16.11%    passed     75.31%
 148  EPI_ISL_19257601_DELIM-HMMIKPAICJYGMUPSFKKS_Colombia_DELIM-HMMIKPAICJYGMUPSFKKS_2II_F.1.2_DELIM-HMMIKPAICJYGMUPSFKKS_2024-02-09   13.24%    passed     71.55%
 149  EPI_ISL_19257602_DELIM-HMMIKPAICJYGMUPSFKKS_Colombia_DELIM-HMMIKPAICJYGMUPSFKKS_2III_D.2_DELIM-HMMIKPAICJYGMUPSFKKS_2024-02-23     1.24%    passed     94.80%
 150  EPI_ISL_19257603_DELIM-HMMIKPAICJYGMUPSFKKS_Colombia_DELIM-HMMIKPAICJYGMUPSFKKS_2III_D.2_DELIM-HMMIKPAICJYGMUPSFKKS_2023-12-19     2.97%    passed     94.98%
 151  EPI_ISL_19257604_DELIM-HMMIKPAICJYGMUPSFKKS_Colombia_DELIM-HMMIKPAICJYGMUPSFKKS_2II_F.1.2_DELIM-HMMIKPAICJYGMUPSFKKS_2024-02-15   32.83%    passed     82.18%
 152  EPI_ISL_19257605_DELIM-HMMIKPAICJYGMUPSFKKS_Colombia_DELIM-HMMIKPAICJYGMUPSFKKS_2II_F.1.2_DELIM-HMMIKPAICJYGMUPSFKKS_2023-09-03    2.41%    passed     95.39%
 153  EPI_ISL_19257606_DELIM-HMMIKPAICJYGMUPSFKKS_Colombia_DELIM-HMMIKPAICJYGMUPSFKKS_2II_F.1.2_DELIM-HMMIKPAICJYGMUPSFKKS_2024-01-09    1.27%    passed     97.13%
 154  EPI_ISL_19257607_DELIM-HMMIKPAICJYGMUPSFKKS_Colombia_DELIM-HMMIKPAICJYGMUPSFKKS_2II_F.1.2_DELIM-HMMIKPAICJYGMUPSFKKS_2024-02-12    2.73%    passed     93.32%
 155  EPI_ISL_19257608_DELIM-HMMIKPAICJYGMUPSFKKS_Colombia_DELIM-HMMIKPAICJYGMUPSFKKS_2III_D.2_DELIM-HMMIKPAICJYGMUPSFKKS_2023-11-16    23.72%    passed     57.37%
 156  EPI_ISL_19257609_DELIM-HMMIKPAICJYGMUPSFKKS_Colombia_DELIM-HMMIKPAICJYGMUPSFKKS_2II_F.1.2_DELIM-HMMIKPAICJYGMUPSFKKS_2024-02-25    1.65%    passed     97.98%
 157  EPI_ISL_19257610_DELIM-HMMIKPAICJYGMUPSFKKS_Colombia_DELIM-HMMIKPAICJYGMUPSFKKS_2II_F.1.2_DELIM-HMMIKPAICJYGMUPSFKKS_2023-11-12   19.27%    passed     67.73%
 158  EPI_ISL_19257611_DELIM-HMMIKPAICJYGMUPSFKKS_Colombia_DELIM-HMMIKPAICJYGMUPSFKKS_2III_D.2_DELIM-HMMIKPAICJYGMUPSFKKS_2023-11-25     7.37%    passed     97.97%
 159  EPI_ISL_19257612_DELIM-HMMIKPAICJYGMUPSFKKS_Colombia_DELIM-HMMIKPAICJYGMUPSFKKS_2II_F.1.2_DELIM-HMMIKPAICJYGMUPSFKKS_2024-03-01   26.49%    passed     30.55%
 160  EPI_ISL_19257613_DELIM-HMMIKPAICJYGMUPSFKKS_Colombia_DELIM-HMMIKPAICJYGMUPSFKKS_2III_D.2_DELIM-HMMIKPAICJYGMUPSFKKS_2023-08-18     5.05%    passed     98.37%
 161  EPI_ISL_19257614_DELIM-HMMIKPAICJYGMUPSFKKS_Colombia_DELIM-HMMIKPAICJYGMUPSFKKS_2III_D.2_DELIM-HMMIKPAICJYGMUPSFKKS_2024-01-25     5.06%    passed     97.61%
 162  EPI_ISL_19257615_DELIM-HMMIKPAICJYGMUPSFKKS_Colombia_DELIM-HMMIKPAICJYGMUPSFKKS_2III_D.2_DELIM-HMMIKPAICJYGMUPSFKKS_2023-10-13     5.05%    passed     97.72%
 163  EPI_ISL_19257616_DELIM-HMMIKPAICJYGMUPSFKKS_Colombia_DELIM-HMMIKPAICJYGMUPSFKKS_2III_D.2_DELIM-HMMIKPAICJYGMUPSFKKS_2023-10-19     5.05%    passed     98.01%
 164  EPI_ISL_19257617_DELIM-HMMIKPAICJYGMUPSFKKS_Colombia_DELIM-HMMIKPAICJYGMUPSFKKS_2III_D.2_DELIM-HMMIKPAICJYGMUPSFKKS_2024-02-29     5.06%    passed     97.05%
 165  EPI_ISL_19257618_DELIM-HMMIKPAICJYGMUPSFKKS_Colombia_DELIM-HMMIKPAICJYGMUPSFKKS_2III_D.2_DELIM-HMMIKPAICJYGMUPSFKKS_2024-02-19     5.05%    passed     97.20%
 166  EPI_ISL_19257619_DELIM-HMMIKPAICJYGMUPSFKKS_Colombia_DELIM-HMMIKPAICJYGMUPSFKKS_2III_D.2_DELIM-HMMIKPAICJYGMUPSFKKS_2023-10-23     1.23%    passed     96.49%
 167  EPI_ISL_19257620_DELIM-HMMIKPAICJYGMUPSFKKS_Colombia_DELIM-HMMIKPAICJYGMUPSFKKS_2II_F.1.2_DELIM-HMMIKPAICJYGMUPSFKKS_2024-03-01   23.19%    passed     56.66%
 168  EPI_ISL_19257621_DELIM-HMMIKPAICJYGMUPSFKKS_Colombia_DELIM-HMMIKPAICJYGMUPSFKKS_2II_F.1.2_DELIM-HMMIKPAICJYGMUPSFKKS_2023-11-20    7.96%    passed     94.99%
 169  EPI_ISL_19257622_DELIM-HMMIKPAICJYGMUPSFKKS_Colombia_DELIM-HMMIKPAICJYGMUPSFKKS_2III_D.2_DELIM-HMMIKPAICJYGMUPSFKKS_2024-01-30     7.96%    passed     94.99%
 170  EPI_ISL_19257623_DELIM-HMMIKPAICJYGMUPSFKKS_Colombia_DELIM-HMMIKPAICJYGMUPSFKKS_2II_F.1.2_DELIM-HMMIKPAICJYGMUPSFKKS_2023-11-17    7.81%    passed     92.37%
 171  EPI_ISL_19257624_DELIM-HMMIKPAICJYGMUPSFKKS_Colombia_DELIM-HMMIKPAICJYGMUPSFKKS_2III_D.2_DELIM-HMMIKPAICJYGMUPSFKKS_2024-02-06     7.81%    passed     92.37%
 172  EPI_ISL_19257625_DELIM-HMMIKPAICJYGMUPSFKKS_Colombia_DELIM-HMMIKPAICJYGMUPSFKKS_2III_D.2_DELIM-HMMIKPAICJYGMUPSFKKS_2024-01-13    22.89%    passed     67.90%
 173  EPI_ISL_19257627_DELIM-HMMIKPAICJYGMUPSFKKS_Colombia_DELIM-HMMIKPAICJYGMUPSFKKS_2II_F.1.2_DELIM-HMMIKPAICJYGMUPSFKKS_2023-12-28   27.83%    passed     89.41%
 174  EPI_ISL_19257628_DELIM-HMMIKPAICJYGMUPSFKKS_Colombia_DELIM-HMMIKPAICJYGMUPSFKKS_2III_D.2_DELIM-HMMIKPAICJYGMUPSFKKS_2024-01-31    35.48%    passed     80.95%
 175  EPI_ISL_19257629_DELIM-HMMIKPAICJYGMUPSFKKS_Colombia_DELIM-HMMIKPAICJYGMUPSFKKS_2III_D.2_DELIM-HMMIKPAICJYGMUPSFKKS_2024-01-30    23.89%    passed     97.55%
****  TOTAL                                                                                                                             12.49%  0 sequences failed composition chi2 test (p-value<5%; df=3)
NOTE: EPI_ISL_17783308_DELIM-HMMIKPAICJYGMUPSFKKS_Colombia_DELIM-HMMIKPAICJYGMUPSFKKS_2III_D.2_DELIM-HMMIKPAICJYGMUPSFKKS_2016-07-22 is identical to EPI_ISL_17783307_DELIM-HMMIKPAICJYGMUPSFKKS_Colombia_DELIM-HMMIKPAICJYGMUPSFKKS_2III_D.2_DELIM-HMMIKPAICJYGMUPSFKKS_2016-07-14 but kept for subsequent analysis
NOTE: EPI_ISL_18720101_DELIM-HMMIKPAICJYGMUPSFKKS_Colombia_DELIM-HMMIKPAICJYGMUPSFKKS_2III_D.2_DELIM-HMMIKPAICJYGMUPSFKKS_2023-08-03 is identical to EPI_ISL_18720100_DELIM-HMMIKPAICJYGMUPSFKKS_Colombia_DELIM-HMMIKPAICJYGMUPSFKKS_2III_D.2_DELIM-HMMIKPAICJYGMUPSFKKS_2023-04-14 but kept for subsequent analysis
NOTE: EPI_ISL_19257622_DELIM-HMMIKPAICJYGMUPSFKKS_Colombia_DELIM-HMMIKPAICJYGMUPSFKKS_2III_D.2_DELIM-HMMIKPAICJYGMUPSFKKS_2024-01-30 is identical to EPI_ISL_19257621_DELIM-HMMIKPAICJYGMUPSFKKS_Colombia_DELIM-HMMIKPAICJYGMUPSFKKS_2II_F.1.2_DELIM-HMMIKPAICJYGMUPSFKKS_2023-11-20 but kept for subsequent analysis
NOTE: EPI_ISL_19257624_DELIM-HMMIKPAICJYGMUPSFKKS_Colombia_DELIM-HMMIKPAICJYGMUPSFKKS_2III_D.2_DELIM-HMMIKPAICJYGMUPSFKKS_2024-02-06 is identical to EPI_ISL_19257623_DELIM-HMMIKPAICJYGMUPSFKKS_Colombia_DELIM-HMMIKPAICJYGMUPSFKKS_2II_F.1.2_DELIM-HMMIKPAICJYGMUPSFKKS_2023-11-17 but kept for subsequent analysis
NOTE: 1 identical sequences (see below) will be ignored for subsequent analysis
NOTE: EPI_ISL_18720103_DELIM-HMMIKPAICJYGMUPSFKKS_Colombia_DELIM-HMMIKPAICJYGMUPSFKKS_2III_D.2_DELIM-HMMIKPAICJYGMUPSFKKS_2023-08-21 (identical to EPI_ISL_18720100_DELIM-HMMIKPAICJYGMUPSFKKS_Colombia_DELIM-HMMIKPAICJYGMUPSFKKS_2III_D.2_DELIM-HMMIKPAICJYGMUPSFKKS_2023-04-14) is ignored but added at the end
Alignment was printed to /Users/ricardorivero/Documents/DENV/2024/D2/all_colombia/MSBD/assigned_D2_filtered_gisaid.aligned-delim.fasta.uniqueseq.phy

For your convenience alignment with unique sequences printed to /Users/ricardorivero/Documents/DENV/2024/D2/all_colombia/MSBD/assigned_D2_filtered_gisaid.aligned-delim.fasta.uniqueseq.phy

Create initial parsimony tree by phylogenetic likelihood library (PLL)... 0.018 seconds

NOTE: 19 MB RAM (0 GB) is required!
Measuring multi-threading efficiency up to 4 CPU cores
Increase to 10 rounds for branch lengths
20 trees examined
Threads: 1 / Time: 4.032 sec / Speedup: 1.000 / Efficiency: 100% / LogL: -287607
Threads: 2 / Time: 3.577 sec / Speedup: 1.127 / Efficiency: 56% / LogL: -287607
Threads: 3 / Time: 3.234 sec / Speedup: 1.247 / Efficiency: 42% / LogL: -287607
BEST NUMBER OF THREADS: 2

Estimate model parameters (epsilon = 0.500)
1. Initial log-likelihood: -41081.847
2. Current log-likelihood: -38837.180
3. Current log-likelihood: -38540.544
4. Current log-likelihood: -38238.360
Optimal log-likelihood: -38238.291
Rate parameters:  A-C: 1.40241  A-G: 12.74885  A-T: 1.60434  C-G: 0.91717  C-T: 35.04230  G-T: 1.00000
Base frequencies:  A: 0.333  C: 0.205  G: 0.252  T: 0.210
Parameters optimization took 4 rounds (0.738 sec)
Wrote distance file to... 
Computing ML distances based on estimated model parameters...
Calculating distance matrix: done in 0.0575359 secs using 199.2% CPU
Computing ML distances took 0.058499 sec (of wall-clock time) 0.116229 sec (of CPU time)
Setting up auxiliary I and S matrices: done in 0.000267029 secs using 182% CPU
Computing RapidNJ tree took 0.005833 sec (of wall-clock time) 0.007419 sec (of CPU time)
Log-likelihood of RapidNJ tree: -38911.375
--------------------------------------------------------------------
|             INITIALIZING CANDIDATE TREE SET                      |
--------------------------------------------------------------------

Do NNI search on 2 best initial trees
Estimate model parameters (epsilon = 0.500)
BETTER TREE FOUND at iteration 1: -38226.230
Estimate model parameters (epsilon = 0.500)
BETTER TREE FOUND at iteration 2: -38208.006
Finish initializing candidate tree set (4)
Current best tree score: -38208.006 / CPU time: 1.174
Number of iterations: 2
TREE SEARCH COMPLETED AFTER 2 ITERATIONS / Time: 0h:0m:12s

--------------------------------------------------------------------
|                    FINALIZING TREE SEARCH                        |
--------------------------------------------------------------------
Performs final model parameters optimization
Estimate model parameters (epsilon = 0.050)
1. Initial log-likelihood: -38208.006
Optimal log-likelihood: -38208.004
Rate parameters:  A-C: 1.41478  A-G: 12.76066  A-T: 1.60086  C-G: 0.90799  C-T: 35.02460  G-T: 1.00000
Base frequencies:  A: 0.333  C: 0.205  G: 0.252  T: 0.210
Parameters optimization took 1 rounds (0.062 sec)
BEST SCORE FOUND : -38208.004
Total tree length: 0.368

Total number of iterations: 2
CPU time used for tree search: 1.574 sec (0h:0m:1s)
Wall-clock time used for tree search: 1.175 sec (0h:0m:1s)
Total CPU time used: 17.325 sec (0h:0m:17s)
Total wall-clock time used: 13.022 sec (0h:0m:13s)

Analysis results written to: 
  IQ-TREE report:                /Users/ricardorivero/Documents/DENV/2024/D2/all_colombia/MSBD/assigned_D2_filtered_gisaid.aligned-delim.fasta.iqtree
  Maximum-likelihood tree:       /Users/ricardorivero/Documents/DENV/2024/D2/all_colombia/MSBD/assigned_D2_filtered_gisaid.aligned-delim.fasta.treefile
  Likelihood distances:          /Users/ricardorivero/Documents/DENV/2024/D2/all_colombia/MSBD/assigned_D2_filtered_gisaid.aligned-delim.fasta.mldist
  Screen log file:               /Users/ricardorivero/Documents/DENV/2024/D2/all_colombia/MSBD/assigned_D2_filtered_gisaid.aligned-delim.fasta.log

Date and Time: Tue Sep  3 12:06:14 2024
